// Jest Snapshot v1, https://goo.gl/fbAQLP

exports[`Layout test cases Render check 1`] = `
<DocumentFragment>
  <div
    class="css-9q9p2w"
  >
    <a
      class="css-1vuc8b5"
      href="/"
    >
      <header
        class="css-1he53g1"
        size="3"
      >
        C8X
      </header>
    </a>
    <nav
      class="css-gfwwxb"
    >
      <a
        href="/all"
      >
        All
      </a>
      <a
        href="/news"
      >
        News
      </a>
      <button
        class="css-90ukof"
        title="Sun"
      >
        <svg
          aria-label="Sun"
          class="css-z3g3v6"
          fill="currentColor"
          height="1rem"
          role="img"
          viewBox="0 0 16 16"
          width="1rem"
        >
          <path
            d="M8 11a3 3 0 110-6 3 3 0 010 6zm0 1a4 4 0 100-8 4 4 0 000 8zM8 0a.5.5 0 01.5.5v2a.5.5 0 01-1 0v-2A.5.5 0 018 0zm0 13a.5.5 0 01.5.5v2a.5.5 0 01-1 0v-2A.5.5 0 018 13zm8-5a.5.5 0 01-.5.5h-2a.5.5 0 010-1h2a.5.5 0 01.5.5zM3 8a.5.5 0 01-.5.5h-2a.5.5 0 010-1h2A.5.5 0 013 8zm10.657-5.657a.5.5 0 010 .707l-1.414 1.415a.5.5 0 11-.707-.708l1.414-1.414a.5.5 0 01.707 0zm-9.193 9.193a.5.5 0 010 .707L3.05 13.657a.5.5 0 01-.707-.707l1.414-1.414a.5.5 0 01.707 0zm9.193 2.121a.5.5 0 01-.707 0l-1.414-1.414a.5.5 0 01.707-.707l1.414 1.414a.5.5 0 010 .707zM4.464 4.465a.5.5 0 01-.707 0L2.343 3.05a.5.5 0 11.707-.707l1.414 1.414a.5.5 0 010 .708z"
          />
        </svg>
      </button>
    </nav>
    <label
      class="css-1js5ur7"
    >
      <div
        class="css-1sg2lsz"
      >
        <input
          class="css-yv3m4q"
          height="4"
          placeholder="Search"
          width="20"
        />
        <svg
          aria-hidden="true"
          aria-label="Search"
          class="css-1q6otbu"
          data-icon="search"
          fill="currentColor"
          focusable="false"
          height="2rem"
          role="img"
          viewBox="64 64 896 896"
          width="2rem"
        >
          <path
            d="M909.6 854.5L649.9 594.8C690.2 542.7 712 479 712 412c0-80.2-31.3-155.4-87.9-212.1-56.6-56.7-132-87.9-212.1-87.9s-155.5 31.3-212.1 87.9C143.2 256.5 112 331.8 112 412c0 80.1 31.3 155.5 87.9 212.1C256.5 680.8 331.8 712 412 712c67 0 130.6-21.8 182.7-62l259.7 259.6a8.2 8.2 0 0011.6 0l43.6-43.5a8.2 8.2 0 000-11.6zM570.4 570.4C528 612.7 471.8 636 412 636s-116-23.3-158.4-65.6C211.3 528 188 471.8 188 412s23.3-116.1 65.6-158.4C296 211.3 352.2 188 412 188s116.1 23.2 158.4 65.6S636 352.2 636 412s-23.3 116.1-65.6 158.4z"
          />
        </svg>
      </div>
    </label>
    <main
      class="css-1qc1fvq"
    >
      <h1>
        Main article area
      </h1>
      <p>
        In this layout, we display the areas in source order for any screen less that 500 pixels wide. We go to a two column layout, and then to a three column layout by redefining the grid, and the placement of items on the grid.
      </p>
    </main>
    <footer
      class="css-1y0dtms"
    >
      Â© 2022 NickOvchinnikov. All rights reserved.
    </footer>
  </div>
</DocumentFragment>
`;
