// Jest Snapshot v1, https://goo.gl/fbAQLP

exports[`Button test cases should render 1`] = `
<DocumentFragment>
  <button
    class="css-1dnr4nn"
    color="primary"
  >
    Button
  </button>
</DocumentFragment>
`;
